<html>
<body>
<pre>
<h1>µVision Build Log</h1>
<h2>Tool Versions:</h2>
IDE-Version: µVision V5.20.0.0
Copyright (C) 2016 ARM Ltd and ARM Germany GmbH. All rights reserved.
License Information: Akshay Singh, CU Boulder, LIC=----
 
Tool Versions:
Toolchain:       MDK-Lite  Version: 5.20
Toolchain Path:  C:\Keil_v5\ARM\ARMCC\Bin
C Compiler:      Armcc.exe V5.06 update 2 (build 183)
Assembler:       Armasm.exe V5.06 update 2 (build 183)
Linker/Locator:  ArmLink.exe V5.06 update 2 (build 183)
Library Manager: ArmAr.exe V5.06 update 2 (build 183)
Hex Converter:   FromElf.exe V5.06 update 2 (build 183)
CPU DLL:         SARMCM3.DLL V5.20
Dialog DLL:      DCM.DLL V1.13.7.0
Target DLL:      STLink\ST-LINKIII-KEIL_SWO.dll V2.0.18.0
Dialog DLL:      TCM.DLL V1.14.9.0
 
<h2>Project:</h2>
C:\Users\Akshay\Documents\rtos_soham\blank_ninja-v-3-2\Ninja-Firmware\MDK-ARM\Ninja-CubeMX-v-3-2.uvprojx
Project File Date:  03/22/2017

<h2>Output:</h2>
*** Using Compiler 'V5.06 update 2 (build 183)', folder: 'C:\Keil_v5\ARM\ARMCC\Bin'
Rebuild target 'Ninja-CubeMX-v-3-2'
compiling gpio.c...
compiling dma.c...
compiling usart.c...
compiling stm32f2xx_hal_timebase_TIM.c...
compiling adc.c...
compiling main.c...
../Src/main.c(104): warning:  #167-D: argument of type "char *" is incompatible with parameter of type "uint8_t *"
  				HAL_UART_Transmit(&huart3, (char *)str1 , 22, 1000);
../Src/main.c(116): warning:  #167-D: argument of type "char *" is incompatible with parameter of type "uint8_t *"
  				HAL_UART_Transmit(&huart3, (char *)str2 , 22, 1000);
../Src/main.c: 2 warnings, 0 errors
compiling tim.c...
compiling stm32f2xx_it.c...
compiling stm32f2xx_hal_msp.c...
compiling stm32f2xx_hal.c...
compiling system_stm32f2xx.c...
compiling stm32f2xx_hal_dma.c...
compiling stm32f2xx_hal_cortex.c...
compiling stm32f2xx_hal_adc_ex.c...
compiling stm32f2xx_hal_flash.c...
compiling stm32f2xx_hal_pwr_ex.c...
compiling stm32f2xx_hal_pwr.c...
compiling stm32f2xx_hal_flash_ex.c...
compiling stm32f2xx_hal_tim_ex.c...
compiling stm32f2xx_hal_dma_ex.c...
assembling startup_stm32f207xx.s...
compiling stm32f2xx_hal_tim.c...
compiling stm32f2xx_hal_rcc_ex.c...
compiling stm32f2xx_hal_gpio.c...
compiling stm32f2xx_hal_adc.c...
compiling stm32f2xx_hal_rcc.c...
compiling stm32f2xx_hal_uart.c...
linking...
Program Size: Code=10056 RO-data=492 RW-data=32 ZI-data=1928  
FromELF: creating hex file...
"Ninja-CubeMX-v-3-2\Ninja-CubeMX-v-3-2.axf" - 0 Error(s), 2 Warning(s).

<h2>Software Packages used:</h2>

Package Vendor: ARM
                http://www.keil.com/pack/ARM.CMSIS.5.0.0-Beta4.pack
                ARM::CMSIS:CORE:5.0.0
                CMSIS (Cortex Microcontroller Software Interface Standard)
   * Component: CORE Version: 5.0.0

<h2>Collection of Component include folders:</h2>
  C:\Users\Akshay\Documents\rtos_soham\blank_ninja-v-3-2\Ninja-Firmware\MDK-ARM\RTE
  C:\Keil_v5\ARM\PACK\ARM\CMSIS\5.0.0-Beta4\CMSIS\Include
  C:\Keil_v5\ARM\PACK\Keil\STM32F2xx_DFP\2.6.0\Drivers\CMSIS\Device\ST\STM32F2xx\Include

<h2>Collection of Component Files used:</h2>

   * Component: ARM::CMSIS:CORE:5.0.0
Build Time Elapsed:  00:00:08
</pre>
</body>
</html>
